[2025-11-09T15:47:37.724+0530][0.002s][info][gc,init] CardTable entry size: 512
[2025-11-09T15:47:37.724+0530][0.002s][info][gc     ] Using G1
[2025-11-09T15:47:37.726+0530][0.005s][info][gc,init] Version: 21.0.8+9-Ubuntu-0ubuntu124.04.1 (release)
[2025-11-09T15:47:37.726+0530][0.005s][info][gc,init] CPUs: 8 total, 8 available
[2025-11-09T15:47:37.726+0530][0.005s][info][gc,init] Memory: 19741M
[2025-11-09T15:47:37.726+0530][0.005s][info][gc,init] Large Page Support: Disabled
[2025-11-09T15:47:37.726+0530][0.005s][info][gc,init] NUMA Support: Disabled
[2025-11-09T15:47:37.726+0530][0.005s][info][gc,init] Compressed Oops: Enabled (32-bit)
[2025-11-09T15:47:37.726+0530][0.005s][info][gc,init] Heap Region Size: 1M
[2025-11-09T15:47:37.726+0530][0.005s][info][gc,init] Heap Min Capacity: 256M
[2025-11-09T15:47:37.726+0530][0.005s][info][gc,init] Heap Initial Capacity: 256M
[2025-11-09T15:47:37.726+0530][0.005s][info][gc,init] Heap Max Capacity: 512M
[2025-11-09T15:47:37.726+0530][0.005s][info][gc,init] Pre-touch: Disabled
[2025-11-09T15:47:37.726+0530][0.005s][info][gc,init] Parallel Workers: 8
[2025-11-09T15:47:37.726+0530][0.005s][info][gc,init] Concurrent Workers: 2
[2025-11-09T15:47:37.726+0530][0.005s][info][gc,init] Concurrent Refinement Workers: 8
[2025-11-09T15:47:37.726+0530][0.005s][info][gc,init] Periodic GC: Disabled
[2025-11-09T15:47:37.732+0530][0.011s][info][gc,metaspace] CDS archive(s) mapped at: [0x000073ab53000000-0x000073ab53ca0000-0x000073ab53ca0000), size 13238272, SharedBaseAddress: 0x000073ab53000000, ArchiveRelocationMode: 1.
[2025-11-09T15:47:37.732+0530][0.011s][info][gc,metaspace] Compressed class space mapped at: 0x000073ab54000000-0x000073ab94000000, reserved size: 1073741824
[2025-11-09T15:47:37.737+0530][0.016s][info][gc,metaspace] Narrow klass base: 0x000073ab53000000, Narrow klass shift: 0, Narrow klass range: 0x100000000
[2025-11-09T15:47:37.813+0530][0.091s][info][gc,start    ] GC(0) Pause Young (Normal) (G1 Evacuation Pause)
[2025-11-09T15:47:37.813+0530][0.092s][info][gc,task     ] GC(0) Using 6 workers of 8 for evacuation
[2025-11-09T15:47:37.814+0530][0.092s][info][gc,phases   ] GC(0)   Pre Evacuate Collection Set: 0.1ms
[2025-11-09T15:47:37.814+0530][0.092s][info][gc,phases   ] GC(0)   Merge Heap Roots: 0.0ms
[2025-11-09T15:47:37.814+0530][0.092s][info][gc,phases   ] GC(0)   Evacuate Collection Set: 0.4ms
[2025-11-09T15:47:37.814+0530][0.092s][info][gc,phases   ] GC(0)   Post Evacuate Collection Set: 0.1ms
[2025-11-09T15:47:37.814+0530][0.093s][info][gc,phases   ] GC(0)   Other: 0.5ms
[2025-11-09T15:47:37.814+0530][0.093s][info][gc,heap     ] GC(0) Eden regions: 23->0(50)
[2025-11-09T15:47:37.814+0530][0.093s][info][gc,heap     ] GC(0) Survivor regions: 0->1(3)
[2025-11-09T15:47:37.814+0530][0.093s][info][gc,heap     ] GC(0) Old regions: 2->2
[2025-11-09T15:47:37.814+0530][0.093s][info][gc,heap     ] GC(0) Humongous regions: 0->0
[2025-11-09T15:47:37.814+0530][0.093s][info][gc,metaspace] GC(0) Metaspace: 340K(512K)->340K(512K) NonClass: 321K(384K)->321K(384K) Class: 19K(128K)->19K(128K)
[2025-11-09T15:47:37.814+0530][0.093s][info][gc          ] GC(0) Pause Young (Normal) (G1 Evacuation Pause) 24M->1M(258M) 1.320ms
[2025-11-09T15:47:37.814+0530][0.093s][info][gc,cpu      ] GC(0) User=0.00s Sys=0.00s Real=0.00s
[2025-11-09T15:47:37.814+0530][0.093s][info][safepoint   ] Safepoint "G1CollectForAllocation", Time since last: 71266372 ns, Reaching safepoint: 3822 ns, Cleanup: 19427 ns, At safepoint: 1356300 ns, Leaving safepoint: 2525 ns, Total: 1382074 ns
[2025-11-09T15:47:37.829+0530][0.108s][info][gc,start    ] GC(1) Pause Young (Normal) (G1 Evacuation Pause)
[2025-11-09T15:47:37.829+0530][0.108s][info][gc,task     ] GC(1) Using 6 workers of 8 for evacuation
[2025-11-09T15:47:37.830+0530][0.108s][info][gc,phases   ] GC(1)   Pre Evacuate Collection Set: 0.1ms
[2025-11-09T15:47:37.830+0530][0.108s][info][gc,phases   ] GC(1)   Merge Heap Roots: 0.0ms
[2025-11-09T15:47:37.830+0530][0.108s][info][gc,phases   ] GC(1)   Evacuate Collection Set: 0.3ms
[2025-11-09T15:47:37.830+0530][0.108s][info][gc,phases   ] GC(1)   Post Evacuate Collection Set: 0.2ms
[2025-11-09T15:47:37.830+0530][0.108s][info][gc,phases   ] GC(1)   Other: 0.0ms
[2025-11-09T15:47:37.830+0530][0.108s][info][gc,heap     ] GC(1) Eden regions: 50->0(152)
[2025-11-09T15:47:37.830+0530][0.108s][info][gc,heap     ] GC(1) Survivor regions: 1->1(7)
[2025-11-09T15:47:37.830+0530][0.108s][info][gc,heap     ] GC(1) Old regions: 2->2
[2025-11-09T15:47:37.830+0530][0.108s][info][gc,heap     ] GC(1) Humongous regions: 0->0
[2025-11-09T15:47:37.830+0530][0.108s][info][gc,metaspace] GC(1) Metaspace: 343K(512K)->343K(512K) NonClass: 323K(384K)->323K(384K) Class: 19K(128K)->19K(128K)
[2025-11-09T15:47:37.830+0530][0.108s][info][gc          ] GC(1) Pause Young (Normal) (G1 Evacuation Pause) 51M->1M(258M) 0.847ms
[2025-11-09T15:47:37.830+0530][0.108s][info][gc,cpu      ] GC(1) User=0.00s Sys=0.00s Real=0.00s
[2025-11-09T15:47:37.830+0530][0.108s][info][safepoint   ] Safepoint "G1CollectForAllocation", Time since last: 14982795 ns, Reaching safepoint: 2953 ns, Cleanup: 3597 ns, At safepoint: 872532 ns, Leaving safepoint: 2255 ns, Total: 881337 ns
[2025-11-09T15:47:37.873+0530][0.152s][info][gc,start    ] GC(2) Pause Young (Normal) (G1 Evacuation Pause)
[2025-11-09T15:47:37.873+0530][0.152s][info][gc,task     ] GC(2) Using 6 workers of 8 for evacuation
[2025-11-09T15:47:37.874+0530][0.153s][info][gc,phases   ] GC(2)   Pre Evacuate Collection Set: 0.1ms
[2025-11-09T15:47:37.874+0530][0.153s][info][gc,phases   ] GC(2)   Merge Heap Roots: 0.0ms
[2025-11-09T15:47:37.874+0530][0.153s][info][gc,phases   ] GC(2)   Evacuate Collection Set: 0.3ms
[2025-11-09T15:47:37.874+0530][0.153s][info][gc,phases   ] GC(2)   Post Evacuate Collection Set: 0.2ms
[2025-11-09T15:47:37.874+0530][0.153s][info][gc,phases   ] GC(2)   Other: 0.1ms
[2025-11-09T15:47:37.874+0530][0.153s][info][gc,heap     ] GC(2) Eden regions: 152->0(152)
[2025-11-09T15:47:37.874+0530][0.153s][info][gc,heap     ] GC(2) Survivor regions: 1->1(20)
[2025-11-09T15:47:37.874+0530][0.153s][info][gc,heap     ] GC(2) Old regions: 2->2
[2025-11-09T15:47:37.874+0530][0.153s][info][gc,heap     ] GC(2) Humongous regions: 0->0
[2025-11-09T15:47:37.874+0530][0.153s][info][gc,metaspace] GC(2) Metaspace: 343K(512K)->343K(512K) NonClass: 323K(384K)->323K(384K) Class: 19K(128K)->19K(128K)
[2025-11-09T15:47:37.874+0530][0.153s][info][gc          ] GC(2) Pause Young (Normal) (G1 Evacuation Pause) 153M->1M(258M) 0.848ms
[2025-11-09T15:47:37.874+0530][0.153s][info][gc,cpu      ] GC(2) User=0.00s Sys=0.00s Real=0.00s
[2025-11-09T15:47:37.874+0530][0.153s][info][safepoint   ] Safepoint "G1CollectForAllocation", Time since last: 43684480 ns, Reaching safepoint: 3942 ns, Cleanup: 3801 ns, At safepoint: 872811 ns, Leaving safepoint: 2042 ns, Total: 882596 ns
[2025-11-09T15:47:37.892+0530][0.171s][info][gc,start    ] GC(3) Pause Young (Normal) (G1 Evacuation Pause)
[2025-11-09T15:47:37.892+0530][0.171s][info][gc,task     ] GC(3) Using 6 workers of 8 for evacuation
[2025-11-09T15:47:37.893+0530][0.172s][info][gc,phases   ] GC(3)   Pre Evacuate Collection Set: 0.2ms
[2025-11-09T15:47:37.893+0530][0.172s][info][gc,phases   ] GC(3)   Merge Heap Roots: 0.1ms
[2025-11-09T15:47:37.893+0530][0.172s][info][gc,phases   ] GC(3)   Evacuate Collection Set: 0.3ms
[2025-11-09T15:47:37.893+0530][0.172s][info][gc,phases   ] GC(3)   Post Evacuate Collection Set: 0.2ms
[2025-11-09T15:47:37.893+0530][0.172s][info][gc,phases   ] GC(3)   Other: 0.0ms
[2025-11-09T15:47:37.893+0530][0.172s][info][gc,heap     ] GC(3) Eden regions: 152->0(152)
[2025-11-09T15:47:37.893+0530][0.172s][info][gc,heap     ] GC(3) Survivor regions: 1->1(20)
[2025-11-09T15:47:37.893+0530][0.172s][info][gc,heap     ] GC(3) Old regions: 2->2
[2025-11-09T15:47:37.893+0530][0.172s][info][gc,heap     ] GC(3) Humongous regions: 0->0
[2025-11-09T15:47:37.893+0530][0.172s][info][gc,metaspace] GC(3) Metaspace: 344K(512K)->344K(512K) NonClass: 324K(384K)->324K(384K) Class: 19K(128K)->19K(128K)
[2025-11-09T15:47:37.893+0530][0.172s][info][gc          ] GC(3) Pause Young (Normal) (G1 Evacuation Pause) 153M->1M(258M) 0.977ms
[2025-11-09T15:47:37.893+0530][0.172s][info][gc,cpu      ] GC(3) User=0.00s Sys=0.00s Real=0.00s
[2025-11-09T15:47:37.893+0530][0.172s][info][safepoint   ] Safepoint "G1CollectForAllocation", Time since last: 17657413 ns, Reaching safepoint: 4462 ns, Cleanup: 10144 ns, At safepoint: 1016271 ns, Leaving safepoint: 2193 ns, Total: 1033070 ns
[2025-11-09T15:47:37.911+0530][0.190s][info][gc,start    ] GC(4) Pause Young (Normal) (G1 Evacuation Pause)
[2025-11-09T15:47:37.911+0530][0.190s][info][gc,task     ] GC(4) Using 6 workers of 8 for evacuation
[2025-11-09T15:47:37.912+0530][0.191s][info][gc,phases   ] GC(4)   Pre Evacuate Collection Set: 0.2ms
[2025-11-09T15:47:37.912+0530][0.191s][info][gc,phases   ] GC(4)   Merge Heap Roots: 0.1ms
[2025-11-09T15:47:37.912+0530][0.191s][info][gc,phases   ] GC(4)   Evacuate Collection Set: 0.6ms
[2025-11-09T15:47:37.912+0530][0.191s][info][gc,phases   ] GC(4)   Post Evacuate Collection Set: 0.2ms
[2025-11-09T15:47:37.912+0530][0.191s][info][gc,phases   ] GC(4)   Other: 0.1ms
[2025-11-09T15:47:37.912+0530][0.191s][info][gc,heap     ] GC(4) Eden regions: 152->0(152)
[2025-11-09T15:47:37.912+0530][0.191s][info][gc,heap     ] GC(4) Survivor regions: 1->1(20)
[2025-11-09T15:47:37.912+0530][0.191s][info][gc,heap     ] GC(4) Old regions: 2->2
[2025-11-09T15:47:37.912+0530][0.191s][info][gc,heap     ] GC(4) Humongous regions: 0->0
[2025-11-09T15:47:37.912+0530][0.191s][info][gc,metaspace] GC(4) Metaspace: 344K(512K)->344K(512K) NonClass: 324K(384K)->324K(384K) Class: 19K(128K)->19K(128K)
[2025-11-09T15:47:37.912+0530][0.191s][info][gc          ] GC(4) Pause Young (Normal) (G1 Evacuation Pause) 153M->1M(258M) 1.374ms
[2025-11-09T15:47:37.913+0530][0.191s][info][gc,cpu      ] GC(4) User=0.00s Sys=0.00s Real=0.00s
[2025-11-09T15:47:37.913+0530][0.191s][info][safepoint   ] Safepoint "G1CollectForAllocation", Time since last: 18104399 ns, Reaching safepoint: 9757 ns, Cleanup: 25867 ns, At safepoint: 1419887 ns, Leaving safepoint: 3470 ns, Total: 1458981 ns
[2025-11-09T15:47:37.937+0530][0.215s][info][gc,start    ] GC(5) Pause Young (Normal) (G1 Evacuation Pause)
[2025-11-09T15:47:37.937+0530][0.215s][info][gc,task     ] GC(5) Using 6 workers of 8 for evacuation
[2025-11-09T15:47:37.937+0530][0.216s][info][gc,phases   ] GC(5)   Pre Evacuate Collection Set: 0.2ms
[2025-11-09T15:47:37.937+0530][0.216s][info][gc,phases   ] GC(5)   Merge Heap Roots: 0.0ms
[2025-11-09T15:47:37.937+0530][0.216s][info][gc,phases   ] GC(5)   Evacuate Collection Set: 0.3ms
[2025-11-09T15:47:37.937+0530][0.216s][info][gc,phases   ] GC(5)   Post Evacuate Collection Set: 0.2ms
[2025-11-09T15:47:37.937+0530][0.216s][info][gc,phases   ] GC(5)   Other: 0.0ms
[2025-11-09T15:47:37.937+0530][0.216s][info][gc,heap     ] GC(5) Eden regions: 152->0(152)
[2025-11-09T15:47:37.937+0530][0.216s][info][gc,heap     ] GC(5) Survivor regions: 1->1(20)
[2025-11-09T15:47:37.937+0530][0.216s][info][gc,heap     ] GC(5) Old regions: 2->2
[2025-11-09T15:47:37.937+0530][0.216s][info][gc,heap     ] GC(5) Humongous regions: 0->0
[2025-11-09T15:47:37.937+0530][0.216s][info][gc,metaspace] GC(5) Metaspace: 370K(576K)->370K(576K) NonClass: 351K(448K)->351K(448K) Class: 19K(128K)->19K(128K)
[2025-11-09T15:47:37.937+0530][0.216s][info][gc          ] GC(5) Pause Young (Normal) (G1 Evacuation Pause) 153M->1M(258M) 0.904ms
[2025-11-09T15:47:37.937+0530][0.216s][info][gc,cpu      ] GC(5) User=0.00s Sys=0.00s Real=0.00s
[2025-11-09T15:47:37.937+0530][0.216s][info][safepoint   ] Safepoint "G1CollectForAllocation", Time since last: 24031026 ns, Reaching safepoint: 3003 ns, Cleanup: 4057 ns, At safepoint: 929593 ns, Leaving safepoint: 2198 ns, Total: 938851 ns
[2025-11-09T15:47:37.963+0530][0.242s][info][gc,start    ] GC(6) Pause Young (Normal) (G1 Evacuation Pause)
[2025-11-09T15:47:37.963+0530][0.242s][info][gc,task     ] GC(6) Using 6 workers of 8 for evacuation
[2025-11-09T15:47:37.964+0530][0.243s][info][gc,phases   ] GC(6)   Pre Evacuate Collection Set: 0.2ms
[2025-11-09T15:47:37.964+0530][0.243s][info][gc,phases   ] GC(6)   Merge Heap Roots: 0.0ms
[2025-11-09T15:47:37.964+0530][0.243s][info][gc,phases   ] GC(6)   Evacuate Collection Set: 0.4ms
[2025-11-09T15:47:37.964+0530][0.243s][info][gc,phases   ] GC(6)   Post Evacuate Collection Set: 0.2ms
[2025-11-09T15:47:37.964+0530][0.243s][info][gc,phases   ] GC(6)   Other: 0.0ms
[2025-11-09T15:47:37.964+0530][0.243s][info][gc,heap     ] GC(6) Eden regions: 152->0(152)
[2025-11-09T15:47:37.964+0530][0.243s][info][gc,heap     ] GC(6) Survivor regions: 1->1(20)
[2025-11-09T15:47:37.964+0530][0.243s][info][gc,heap     ] GC(6) Old regions: 2->2
[2025-11-09T15:47:37.964+0530][0.243s][info][gc,heap     ] GC(6) Humongous regions: 0->0
[2025-11-09T15:47:37.964+0530][0.243s][info][gc,metaspace] GC(6) Metaspace: 376K(576K)->376K(576K) NonClass: 357K(448K)->357K(448K) Class: 19K(128K)->19K(128K)
[2025-11-09T15:47:37.964+0530][0.243s][info][gc          ] GC(6) Pause Young (Normal) (G1 Evacuation Pause) 153M->1M(258M) 1.062ms
[2025-11-09T15:47:37.964+0530][0.243s][info][gc,cpu      ] GC(6) User=0.00s Sys=0.00s Real=0.00s
[2025-11-09T15:47:37.964+0530][0.243s][info][safepoint   ] Safepoint "G1CollectForAllocation", Time since last: 25407061 ns, Reaching safepoint: 3401 ns, Cleanup: 4230 ns, At safepoint: 1088869 ns, Leaving safepoint: 7165 ns, Total: 1103665 ns
[2025-11-09T15:47:37.988+0530][0.267s][info][gc,start    ] GC(7) Pause Young (Normal) (G1 Evacuation Pause)
[2025-11-09T15:47:37.988+0530][0.267s][info][gc,task     ] GC(7) Using 6 workers of 8 for evacuation
[2025-11-09T15:47:37.989+0530][0.268s][info][gc,phases   ] GC(7)   Pre Evacuate Collection Set: 0.1ms
[2025-11-09T15:47:37.989+0530][0.268s][info][gc,phases   ] GC(7)   Merge Heap Roots: 0.1ms
[2025-11-09T15:47:37.989+0530][0.268s][info][gc,phases   ] GC(7)   Evacuate Collection Set: 0.3ms
[2025-11-09T15:47:37.989+0530][0.268s][info][gc,phases   ] GC(7)   Post Evacuate Collection Set: 0.2ms
[2025-11-09T15:47:37.989+0530][0.268s][info][gc,phases   ] GC(7)   Other: 0.0ms
[2025-11-09T15:47:37.989+0530][0.268s][info][gc,heap     ] GC(7) Eden regions: 152->0(152)
[2025-11-09T15:47:37.989+0530][0.268s][info][gc,heap     ] GC(7) Survivor regions: 1->1(20)
[2025-11-09T15:47:37.989+0530][0.268s][info][gc,heap     ] GC(7) Old regions: 2->2
[2025-11-09T15:47:37.989+0530][0.268s][info][gc,heap     ] GC(7) Humongous regions: 0->0
[2025-11-09T15:47:37.989+0530][0.268s][info][gc,metaspace] GC(7) Metaspace: 376K(576K)->376K(576K) NonClass: 357K(448K)->357K(448K) Class: 19K(128K)->19K(128K)
[2025-11-09T15:47:37.989+0530][0.268s][info][gc          ] GC(7) Pause Young (Normal) (G1 Evacuation Pause) 153M->1M(258M) 0.892ms
[2025-11-09T15:47:37.989+0530][0.268s][info][gc,cpu      ] GC(7) User=0.01s Sys=0.00s Real=0.00s
[2025-11-09T15:47:37.989+0530][0.268s][info][safepoint   ] Safepoint "G1CollectForAllocation", Time since last: 24240968 ns, Reaching safepoint: 5767 ns, Cleanup: 10730 ns, At safepoint: 926010 ns, Leaving safepoint: 2186 ns, Total: 944693 ns
[2025-11-09T15:47:38.007+0530][0.285s][info][gc,start    ] GC(8) Pause Full (System.gc())
[2025-11-09T15:47:38.007+0530][0.285s][info][gc,task     ] GC(8) Using 6 workers of 8 for full compaction
[2025-11-09T15:47:38.007+0530][0.286s][info][gc,phases,start] GC(8) Phase 1: Mark live objects
[2025-11-09T15:47:38.008+0530][0.287s][info][gc,phases      ] GC(8) Phase 1: Mark live objects 1.143ms
[2025-11-09T15:47:38.008+0530][0.287s][info][gc,phases,start] GC(8) Phase 2: Prepare compaction
[2025-11-09T15:47:38.008+0530][0.287s][info][gc,phases      ] GC(8) Phase 2: Prepare compaction 0.284ms
[2025-11-09T15:47:38.008+0530][0.287s][info][gc,phases,start] GC(8) Phase 3: Adjust pointers
[2025-11-09T15:47:38.009+0530][0.288s][info][gc,phases      ] GC(8) Phase 3: Adjust pointers 0.493ms
[2025-11-09T15:47:38.009+0530][0.288s][info][gc,phases,start] GC(8) Phase 4: Compact heap
[2025-11-09T15:47:38.009+0530][0.288s][info][gc,phases      ] GC(8) Phase 4: Compact heap 0.296ms
[2025-11-09T15:47:38.009+0530][0.288s][info][gc,phases,start] GC(8) Phase 5: Reset Metadata
[2025-11-09T15:47:38.009+0530][0.288s][info][gc,phases      ] GC(8) Phase 5: Reset Metadata 0.359ms
[2025-11-09T15:47:38.011+0530][0.290s][info][gc,heap        ] GC(8) Eden regions: 104->0(153)
[2025-11-09T15:47:38.011+0530][0.290s][info][gc,heap        ] GC(8) Survivor regions: 1->0(20)
[2025-11-09T15:47:38.011+0530][0.290s][info][gc,heap        ] GC(8) Old regions: 2->4
[2025-11-09T15:47:38.011+0530][0.290s][info][gc,heap        ] GC(8) Humongous regions: 0->0
[2025-11-09T15:47:38.011+0530][0.290s][info][gc,metaspace   ] GC(8) Metaspace: 378K(576K)->378K(576K) NonClass: 359K(448K)->359K(448K) Class: 19K(128K)->19K(128K)
[2025-11-09T15:47:38.011+0530][0.290s][info][gc             ] GC(8) Pause Full (System.gc()) 105M->1M(256M) 4.371ms
[2025-11-09T15:47:38.011+0530][0.290s][info][gc,cpu         ] GC(8) User=0.01s Sys=0.01s Real=0.01s
[2025-11-09T15:47:38.011+0530][0.290s][info][safepoint      ] Safepoint "G1CollectFull", Time since last: 17256924 ns, Reaching safepoint: 70360 ns, Cleanup: 2975 ns, At safepoint: 4404030 ns, Leaving safepoint: 3606 ns, Total: 4480971 ns
[2025-11-09T15:47:38.021+0530][0.300s][info][gc,heap,exit   ] Heap
[2025-11-09T15:47:38.021+0530][0.300s][info][gc,heap,exit   ]  garbage-first heap   total 262144K, used 2461K [0x00000000e0000000, 0x0000000100000000)
[2025-11-09T15:47:38.021+0530][0.300s][info][gc,heap,exit   ]   region size 1024K, 1 young (1024K), 0 survivors (0K)
[2025-11-09T15:47:38.021+0530][0.300s][info][gc,heap,exit   ]  Metaspace       used 406K, committed 576K, reserved 1114112K
[2025-11-09T15:47:38.021+0530][0.300s][info][gc,heap,exit   ]   class space    used 23K, committed 128K, reserved 1048576K
